[2025-05-30 13:40:12] local.ERROR: The process "C:\xampp\php\php.exe artisan queue:work --once --name=default --queue=default --backoff=0 --memory=128 --sleep=3 --tries=1" exceeded the timeout of 60 seconds. {"exception":"[object] (Symfony\\Component\\Process\\Exception\\ProcessTimedOutException(code: 0): The process \"C:\\xampp\\php\\php.exe artisan queue:work --once --name=default --queue=default --backoff=0 --memory=128 --sleep=3 --tries=1\" exceeded the timeout of 60 seconds. at C:\\xampp\\htdocs\\web2\\prakrikum-10\\room-booking\\room-booking\\vendor\\symfony\\process\\Process.php:1181)
[stacktrace]
#0 C:\\xampp\\htdocs\\web2\\prakrikum-10\\room-booking\\room-booking\\vendor\\symfony\\process\\Process.php(450): Symfony\\Component\\Process\\Process->checkTimeout()
#1 C:\\xampp\\htdocs\\web2\\prakrikum-10\\room-booking\\room-booking\\vendor\\symfony\\process\\Process.php(251): Symfony\\Component\\Process\\Process->wait()
#2 C:\\xampp\\htdocs\\web2\\prakrikum-10\\room-booking\\room-booking\\vendor\\laravel\\framework\\src\\Illuminate\\Queue\\Listener.php(180): Symfony\\Component\\Process\\Process->run(Object(Closure))
#3 C:\\xampp\\htdocs\\web2\\prakrikum-10\\room-booking\\room-booking\\vendor\\laravel\\framework\\src\\Illuminate\\Queue\\Listener.php(91): Illuminate\\Queue\\Listener->runProcess(Object(Symfony\\Component\\Process\\Process), '128')
#4 C:\\xampp\\htdocs\\web2\\prakrikum-10\\room-booking\\room-booking\\vendor\\laravel\\framework\\src\\Illuminate\\Queue\\Console\\ListenCommand.php(74): Illuminate\\Queue\\Listener->listen(NULL, 'default', Object(Illuminate\\Queue\\ListenerOptions))
#5 C:\\xampp\\htdocs\\web2\\prakrikum-10\\room-booking\\room-booking\\vendor\\laravel\\framework\\src\\Illuminate\\Container\\BoundMethod.php(36): Illuminate\\Queue\\Console\\ListenCommand->handle()
#6 C:\\xampp\\htdocs\\web2\\prakrikum-10\\room-booking\\room-booking\\vendor\\laravel\\framework\\src\\Illuminate\\Container\\Util.php(43): Illuminate\\Container\\BoundMethod::Illuminate\\Container\\{closure}()
#7 C:\\xampp\\htdocs\\web2\\prakrikum-10\\room-booking\\room-booking\\vendor\\laravel\\framework\\src\\Illuminate\\Container\\BoundMethod.php(96): Illuminate\\Container\\Util::unwrapIfClosure(Object(Closure))
#8 C:\\xampp\\htdocs\\web2\\prakrikum-10\\room-booking\\room-booking\\vendor\\laravel\\framework\\src\\Illuminate\\Container\\BoundMethod.php(35): Illuminate\\Container\\BoundMethod::callBoundMethod(Object(Illuminate\\Foundation\\Application), Array, Object(Closure))
#9 C:\\xampp\\htdocs\\web2\\prakrikum-10\\room-booking\\room-booking\\vendor\\laravel\\framework\\src\\Illuminate\\Container\\Container.php(754): Illuminate\\Container\\BoundMethod::call(Object(Illuminate\\Foundation\\Application), Array, Array, NULL)
#10 C:\\xampp\\htdocs\\web2\\prakrikum-10\\room-booking\\room-booking\\vendor\\laravel\\framework\\src\\Illuminate\\Console\\Command.php(211): Illuminate\\Container\\Container->call(Array)
#11 C:\\xampp\\htdocs\\web2\\prakrikum-10\\room-booking\\room-booking\\vendor\\symfony\\console\\Command\\Command.php(318): Illuminate\\Console\\Command->execute(Object(Symfony\\Component\\Console\\Input\\ArgvInput), Object(Illuminate\\Console\\OutputStyle))
#12 C:\\xampp\\htdocs\\web2\\prakrikum-10\\room-booking\\room-booking\\vendor\\laravel\\framework\\src\\Illuminate\\Console\\Command.php(180): Symfony\\Component\\Console\\Command\\Command->run(Object(Symfony\\Component\\Console\\Input\\ArgvInput), Object(Illuminate\\Console\\OutputStyle))
#13 C:\\xampp\\htdocs\\web2\\prakrikum-10\\room-booking\\room-booking\\vendor\\symfony\\console\\Application.php(1092): Illuminate\\Console\\Command->run(Object(Symfony\\Component\\Console\\Input\\ArgvInput), Object(Symfony\\Component\\Console\\Output\\ConsoleOutput))
#14 C:\\xampp\\htdocs\\web2\\prakrikum-10\\room-booking\\room-booking\\vendor\\symfony\\console\\Application.php(341): Symfony\\Component\\Console\\Application->doRunCommand(Object(Illuminate\\Queue\\Console\\ListenCommand), Object(Symfony\\Component\\Console\\Input\\ArgvInput), Object(Symfony\\Component\\Console\\Output\\ConsoleOutput))
#15 C:\\xampp\\htdocs\\web2\\prakrikum-10\\room-booking\\room-booking\\vendor\\symfony\\console\\Application.php(192): Symfony\\Component\\Console\\Application->doRun(Object(Symfony\\Component\\Console\\Input\\ArgvInput), Object(Symfony\\Component\\Console\\Output\\ConsoleOutput))
#16 C:\\xampp\\htdocs\\web2\\prakrikum-10\\room-booking\\room-booking\\vendor\\laravel\\framework\\src\\Illuminate\\Foundation\\Console\\Kernel.php(197): Symfony\\Component\\Console\\Application->run(Object(Symfony\\Component\\Console\\Input\\ArgvInput), Object(Symfony\\Component\\Console\\Output\\ConsoleOutput))
#17 C:\\xampp\\htdocs\\web2\\prakrikum-10\\room-booking\\room-booking\\vendor\\laravel\\framework\\src\\Illuminate\\Foundation\\Application.php(1234): Illuminate\\Foundation\\Console\\Kernel->handle(Object(Symfony\\Component\\Console\\Input\\ArgvInput), Object(Symfony\\Component\\Console\\Output\\ConsoleOutput))
#18 C:\\xampp\\htdocs\\web2\\prakrikum-10\\room-booking\\room-booking\\artisan(16): Illuminate\\Foundation\\Application->handleCommand(Object(Symfony\\Component\\Console\\Input\\ArgvInput))
#19 {main}
"} 
[2025-05-31 06:45:44] local.ERROR: The process "C:\xampp\php\php.exe artisan queue:work --once --name=default --queue=default --backoff=0 --memory=128 --sleep=3 --tries=1" exceeded the timeout of 60 seconds. {"exception":"[object] (Symfony\\Component\\Process\\Exception\\ProcessTimedOutException(code: 0): The process \"C:\\xampp\\php\\php.exe artisan queue:work --once --name=default --queue=default --backoff=0 --memory=128 --sleep=3 --tries=1\" exceeded the timeout of 60 seconds. at C:\\xampp\\htdocs\\web2\\prakrikum-10\\room-booking\\room-booking\\vendor\\symfony\\process\\Process.php:1181)
[stacktrace]
#0 C:\\xampp\\htdocs\\web2\\prakrikum-10\\room-booking\\room-booking\\vendor\\symfony\\process\\Process.php(450): Symfony\\Component\\Process\\Process->checkTimeout()
#1 C:\\xampp\\htdocs\\web2\\prakrikum-10\\room-booking\\room-booking\\vendor\\symfony\\process\\Process.php(251): Symfony\\Component\\Process\\Process->wait()
#2 C:\\xampp\\htdocs\\web2\\prakrikum-10\\room-booking\\room-booking\\vendor\\laravel\\framework\\src\\Illuminate\\Queue\\Listener.php(180): Symfony\\Component\\Process\\Process->run(Object(Closure))
#3 C:\\xampp\\htdocs\\web2\\prakrikum-10\\room-booking\\room-booking\\vendor\\laravel\\framework\\src\\Illuminate\\Queue\\Listener.php(91): Illuminate\\Queue\\Listener->runProcess(Object(Symfony\\Component\\Process\\Process), '128')
#4 C:\\xampp\\htdocs\\web2\\prakrikum-10\\room-booking\\room-booking\\vendor\\laravel\\framework\\src\\Illuminate\\Queue\\Console\\ListenCommand.php(74): Illuminate\\Queue\\Listener->listen(NULL, 'default', Object(Illuminate\\Queue\\ListenerOptions))
#5 C:\\xampp\\htdocs\\web2\\prakrikum-10\\room-booking\\room-booking\\vendor\\laravel\\framework\\src\\Illuminate\\Container\\BoundMethod.php(36): Illuminate\\Queue\\Console\\ListenCommand->handle()
#6 C:\\xampp\\htdocs\\web2\\prakrikum-10\\room-booking\\room-booking\\vendor\\laravel\\framework\\src\\Illuminate\\Container\\Util.php(43): Illuminate\\Container\\BoundMethod::Illuminate\\Container\\{closure}()
#7 C:\\xampp\\htdocs\\web2\\prakrikum-10\\room-booking\\room-booking\\vendor\\laravel\\framework\\src\\Illuminate\\Container\\BoundMethod.php(96): Illuminate\\Container\\Util::unwrapIfClosure(Object(Closure))
#8 C:\\xampp\\htdocs\\web2\\prakrikum-10\\room-booking\\room-booking\\vendor\\laravel\\framework\\src\\Illuminate\\Container\\BoundMethod.php(35): Illuminate\\Container\\BoundMethod::callBoundMethod(Object(Illuminate\\Foundation\\Application), Array, Object(Closure))
#9 C:\\xampp\\htdocs\\web2\\prakrikum-10\\room-booking\\room-booking\\vendor\\laravel\\framework\\src\\Illuminate\\Container\\Container.php(754): Illuminate\\Container\\BoundMethod::call(Object(Illuminate\\Foundation\\Application), Array, Array, NULL)
#10 C:\\xampp\\htdocs\\web2\\prakrikum-10\\room-booking\\room-booking\\vendor\\laravel\\framework\\src\\Illuminate\\Console\\Command.php(211): Illuminate\\Container\\Container->call(Array)
#11 C:\\xampp\\htdocs\\web2\\prakrikum-10\\room-booking\\room-booking\\vendor\\symfony\\console\\Command\\Command.php(318): Illuminate\\Console\\Command->execute(Object(Symfony\\Component\\Console\\Input\\ArgvInput), Object(Illuminate\\Console\\OutputStyle))
#12 C:\\xampp\\htdocs\\web2\\prakrikum-10\\room-booking\\room-booking\\vendor\\laravel\\framework\\src\\Illuminate\\Console\\Command.php(180): Symfony\\Component\\Console\\Command\\Command->run(Object(Symfony\\Component\\Console\\Input\\ArgvInput), Object(Illuminate\\Console\\OutputStyle))
#13 C:\\xampp\\htdocs\\web2\\prakrikum-10\\room-booking\\room-booking\\vendor\\symfony\\console\\Application.php(1092): Illuminate\\Console\\Command->run(Object(Symfony\\Component\\Console\\Input\\ArgvInput), Object(Symfony\\Component\\Console\\Output\\ConsoleOutput))
#14 C:\\xampp\\htdocs\\web2\\prakrikum-10\\room-booking\\room-booking\\vendor\\symfony\\console\\Application.php(341): Symfony\\Component\\Console\\Application->doRunCommand(Object(Illuminate\\Queue\\Console\\ListenCommand), Object(Symfony\\Component\\Console\\Input\\ArgvInput), Object(Symfony\\Component\\Console\\Output\\ConsoleOutput))
#15 C:\\xampp\\htdocs\\web2\\prakrikum-10\\room-booking\\room-booking\\vendor\\symfony\\console\\Application.php(192): Symfony\\Component\\Console\\Application->doRun(Object(Symfony\\Component\\Console\\Input\\ArgvInput), Object(Symfony\\Component\\Console\\Output\\ConsoleOutput))
#16 C:\\xampp\\htdocs\\web2\\prakrikum-10\\room-booking\\room-booking\\vendor\\laravel\\framework\\src\\Illuminate\\Foundation\\Console\\Kernel.php(197): Symfony\\Component\\Console\\Application->run(Object(Symfony\\Component\\Console\\Input\\ArgvInput), Object(Symfony\\Component\\Console\\Output\\ConsoleOutput))
#17 C:\\xampp\\htdocs\\web2\\prakrikum-10\\room-booking\\room-booking\\vendor\\laravel\\framework\\src\\Illuminate\\Foundation\\Application.php(1234): Illuminate\\Foundation\\Console\\Kernel->handle(Object(Symfony\\Component\\Console\\Input\\ArgvInput), Object(Symfony\\Component\\Console\\Output\\ConsoleOutput))
#18 C:\\xampp\\htdocs\\web2\\prakrikum-10\\room-booking\\room-booking\\artisan(16): Illuminate\\Foundation\\Application->handleCommand(Object(Symfony\\Component\\Console\\Input\\ArgvInput))
#19 {main}
"} 
